EN clock_enable_tb00 NULL "D:/Škola/Skripta/2. roèník/Letní/Digitální Elektronika BPC-DE1/Projekt/Ultrasonic_range_detector (copy)/clock_enable_tb00.vhd" sub00/vhpl02 1587044408
AR clock_enable behavioral "D:/Škola/Skripta/2. roèník/Letní/Digitální Elektronika BPC-DE1/Projekt/Ultrasonic_range_detector (copy)/clock_enable.vhd" sub00/vhpl01 1587044407
EN clock_enable NULL "D:/Škola/Skripta/2. roèník/Letní/Digitální Elektronika BPC-DE1/Projekt/Ultrasonic_range_detector (copy)/clock_enable.vhd" sub00/vhpl00 1587044406
