EN hex_to_7seg NULL /home/lab661/Documents/xhulaj/Digital-electronics-1/labs/03-segment/hex_to_segment_hp.vhd sub00/vhpl00 1582186649
EN top NULL /home/lab661/Documents/xhulaj/Digital-electronics-1/labs/hex_to_segment/top.vhd sub00/vhpl02 1582186651
AR hex_to_7seg behavioral /home/lab661/Documents/xhulaj/Digital-electronics-1/labs/03-segment/hex_to_segment_hp.vhd sub00/vhpl01 1582186650
AR top behavioral /home/lab661/Documents/xhulaj/Digital-electronics-1/labs/hex_to_segment/top.vhd sub00/vhpl03 1582186652
